// Jest Snapshot v1, https://goo.gl/fbAQLP

exports[`renders correctly, the same as last time 1`] = `
<div
  className="Component1"
>
  <h1>
    There are 
     items for the sample component.
  </h1>
</div>
`;
